// Only the second struct should be modified

pub struct Hello1 {
  //fields
}

pub struct HelloWorld2 {
  //fields
}