
// This should be injected with world after hello

pub struct HelloWorld {
  pub name: String,
}