// Both struct should be injected

pub struct HelloWorld {
}

pub struct HelloWorld2 {
}