// Both struct should be injected

//fields
pub struct World {
}

//fields
pub struct World2 {
}