// First struct should be injected

pub struct HelloWorld {
  //fields
}

pub struct World2 {
  //fields
}