// both hello should be replaced with world

pub struct World {
  pub name: String,
}

pub struct World {
  pub name: String,
}